// Jest Snapshot v1, https://goo.gl/fbAQLP

exports[`NonfungiblePositionManager #burn gas 1`] = `66054`;

exports[`NonfungiblePositionManager #collect gas transfers both 1`] = `135641`;

exports[`NonfungiblePositionManager #collect gas transfers token0 only 1`] = `126381`;

exports[`NonfungiblePositionManager #collect gas transfers token1 only 1`] = `126588`;

exports[`NonfungiblePositionManager #decreaseLiquidity gas complete decrease 1`] = `173846`;

exports[`NonfungiblePositionManager #decreaseLiquidity gas partial decrease 1`] = `174610`;

exports[`NonfungiblePositionManager #increaseLiquidity gas 1`] = `203040`;

exports[`NonfungiblePositionManager #mint gas first mint for pool 1`] = `621252`;

exports[`NonfungiblePositionManager #mint gas first mint for pool using eth with non-zero refund 1`] = `626690`;

exports[`NonfungiblePositionManager #mint gas first mint for pool using eth with zero refund 1`] = `619471`;

exports[`NonfungiblePositionManager #mint gas mint for same pool, different ticks 1`] = `470743`;

exports[`NonfungiblePositionManager #mint gas mint on same ticks 1`] = `361294`;

exports[`NonfungiblePositionManager #permit owned by eoa gas 1`] = `64511`;

exports[`NonfungiblePositionManager #permit owned by verifying contract gas 1`] = `68398`;

exports[`NonfungiblePositionManager #positions gas 1`] = `19977`;

exports[`NonfungiblePositionManager #transferFrom gas 1`] = `109774`;

exports[`NonfungiblePositionManager #transferFrom gas comes from approved 1`] = `108380`;

exports[`NonfungiblePositionManager multicall exit gas 1`] = `255582`;
