// Jest Snapshot v1, https://goo.gl/fbAQLP

exports[`QuoterV2 quotes #quoteExactInput 0 -> 2 -> 1 1`] = `365353`;

exports[`QuoterV2 quotes #quoteExactInput 0 -> 2 cross 0 tick, starting tick initialized 1`] = `169734`;

exports[`QuoterV2 quotes #quoteExactInput 0 -> 2 cross 0 tick, starting tick not initialized 1`] = `134468`;

exports[`QuoterV2 quotes #quoteExactInput 0 -> 2 cross 1 tick 1`] = `194473`;

exports[`QuoterV2 quotes #quoteExactInput 0 -> 2 cross 2 tick 1`] = `240877`;

exports[`QuoterV2 quotes #quoteExactInput 0 -> 2 cross 2 tick where after is initialized 1`] = `194511`;

exports[`QuoterV2 quotes #quoteExactInput 2 -> 0 cross 0 tick, starting tick initialized 1`] = `127305`;

exports[`QuoterV2 quotes #quoteExactInput 2 -> 0 cross 0 tick, starting tick not initialized 1`] = `123405`;

exports[`QuoterV2 quotes #quoteExactInput 2 -> 0 cross 2 1`] = `229631`;

exports[`QuoterV2 quotes #quoteExactInput 2 -> 0 cross 2 where tick after is initialized 1`] = `229639`;

exports[`QuoterV2 quotes #quoteExactInput 2 -> 1 1`] = `126980`;

exports[`QuoterV2 quotes #quoteExactInputSingle 0 -> 2 1`] = `240859`;

exports[`QuoterV2 quotes #quoteExactInputSingle 2 -> 0 1`] = `229603`;

exports[`QuoterV2 quotes #quoteExactOutput 0 -> 2 -> 1 1`] = `364953`;

exports[`QuoterV2 quotes #quoteExactOutput 0 -> 2 cross 0 tick starting tick initialized 1`] = `169253`;

exports[`QuoterV2 quotes #quoteExactOutput 0 -> 2 cross 0 tick starting tick not initialized 1`] = `134007`;

exports[`QuoterV2 quotes #quoteExactOutput 0 -> 2 cross 1 tick 1`] = `193723`;

exports[`QuoterV2 quotes #quoteExactOutput 0 -> 2 cross 2 tick 1`] = `239883`;

exports[`QuoterV2 quotes #quoteExactOutput 0 -> 2 cross 2 where tick after is initialized 1`] = `193761`;

exports[`QuoterV2 quotes #quoteExactOutput 2 -> 0 cross 1 tick 1`] = `183672`;

exports[`QuoterV2 quotes #quoteExactOutput 2 -> 0 cross 2 ticks 1`] = `229737`;

exports[`QuoterV2 quotes #quoteExactOutput 2 -> 0 cross 2 where tick after is initialized 1`] = `229731`;

exports[`QuoterV2 quotes #quoteExactOutput 2 -> 1 1`] = `127557`;

exports[`QuoterV2 quotes #quoteExactOutputSingle 0 -> 1 1`] = `138688`;

exports[`QuoterV2 quotes #quoteExactOutputSingle 1 -> 0 1`] = `128162`;
